<html>
<body>
<pre>
<h1>µVision Build Log</h1>
<h2>Project:</h2>
C:\Users\Dominik PC\Desktop\Current\test.uvproj
Project File Date:  04/17/2024

<h2>Output:</h2>
Build target 'Target 1'
assembling Startup.s...
compiling led.c...
compiling main.c...
compiling keyboard.c...
linking...
Program Size: Code=1436 RO-data=32 RW-data=4 ZI-data=1260  
FromELF: creating hex file...
".\test.axf" - 0 Errors, 0 Warning(s).
Build target 'Target 1'
compiling main.c...
timer.h(2): warning:  #1-D: last line of file ends without a newline
compiling timer.c...
timer.h(2): warning:  #1-D: last line of file ends without a newline
timer.c(16): warning:  #1-D: last line of file ends without a newline
linking...
Program Size: Code=1192 RO-data=32 RW-data=4 ZI-data=1260  
FromELF: creating hex file...
".\test.axf" - 0 Errors, 3 Warning(s).
Build target 'Target 1'
compiling main.c...
compiling timer.c...
linking...
Program Size: Code=1192 RO-data=32 RW-data=4 ZI-data=1260  
FromELF: creating hex file...
".\test.axf" - 0 Errors, 0 Warning(s).
Build target 'Target 1'
compiling main.c...
compiling timer.c...
linking...
Program Size: Code=1192 RO-data=32 RW-data=4 ZI-data=1260  
FromELF: creating hex file...
".\test.axf" - 0 Errors, 0 Warning(s).
Build target 'Target 1'
compiling main.c...
linking...
Program Size: Code=1192 RO-data=32 RW-data=4 ZI-data=1260  
FromELF: creating hex file...
".\test.axf" - 0 Errors, 0 Warning(s).
Build target 'Target 1'
compiling timer.c...
linking...
Program Size: Code=1176 RO-data=32 RW-data=4 ZI-data=1260  
FromELF: creating hex file...
".\test.axf" - 0 Errors, 0 Warning(s).
Build target 'Target 1'
compiling main.c...
linking...
Program Size: Code=1176 RO-data=32 RW-data=4 ZI-data=1260  
FromELF: creating hex file...
".\test.axf" - 0 Errors, 0 Warning(s).
Build target 'Target 1'
compiling timer.c...
linking...
Program Size: Code=1192 RO-data=32 RW-data=4 ZI-data=1260  
FromELF: creating hex file...
".\test.axf" - 0 Errors, 0 Warning(s).
Build target 'Target 1'
compiling main.c...
compiling timer.c...
linking...
Program Size: Code=1300 RO-data=32 RW-data=4 ZI-data=1260  
FromELF: creating hex file...
".\test.axf" - 0 Errors, 0 Warning(s).
Build target 'Target 1'
linking...
Program Size: Code=1300 RO-data=32 RW-data=4 ZI-data=1260  
FromELF: creating hex file...
".\test.axf" - 0 Errors, 0 Warning(s).
Build target 'Target 1'
compiling main.c...
linking...
Program Size: Code=1300 RO-data=32 RW-data=4 ZI-data=1260  
FromELF: creating hex file...
".\test.axf" - 0 Errors, 0 Warning(s).
Build target 'Target 1'
compiling main.c...
linking...
Program Size: Code=1300 RO-data=32 RW-data=4 ZI-data=1260  
FromELF: creating hex file...
".\test.axf" - 0 Errors, 0 Warning(s).
Build target 'Target 1'
compiling main.c...
linking...
Program Size: Code=1308 RO-data=32 RW-data=4 ZI-data=1260  
FromELF: creating hex file...
".\test.axf" - 0 Errors, 0 Warning(s).
Build target 'Target 1'
compiling main.c...
linking...
Program Size: Code=1300 RO-data=32 RW-data=4 ZI-data=1260  
FromELF: creating hex file...
".\test.axf" - 0 Errors, 0 Warning(s).
Build target 'Target 1'
compiling main.c...
compiling timer.c...
linking...
Program Size: Code=1300 RO-data=32 RW-data=4 ZI-data=1260  
FromELF: creating hex file...
".\test.axf" - 0 Errors, 0 Warning(s).
Build target 'Target 1'
compiling main.c...
linking...
Program Size: Code=1300 RO-data=32 RW-data=4 ZI-data=1260  
FromELF: creating hex file...
".\test.axf" - 0 Errors, 0 Warning(s).
Build target 'Target 1'
compiling main.c...
linking...
Program Size: Code=1300 RO-data=32 RW-data=4 ZI-data=1260  
FromELF: creating hex file...
".\test.axf" - 0 Errors, 0 Warning(s).
Build target 'Target 1'
compiling main.c...
linking...
Program Size: Code=1300 RO-data=32 RW-data=4 ZI-data=1260  
FromELF: creating hex file...
".\test.axf" - 0 Errors, 0 Warning(s).
Rebuild target 'Target 1'
assembling Startup.s...
compiling led.c...
compiling main.c...
compiling keyboard.c...
compiling timer.c...
linking...
Program Size: Code=1300 RO-data=32 RW-data=4 ZI-data=1260  
FromELF: creating hex file...
".\test.axf" - 0 Errors, 0 Warning(s).
Clean started: Project: 'test'
   deleting intermediate output files for target 'Target 1'
