<html>
<body>
<pre>
<h1>µVision Build Log</h1>
<h2>Project:</h2>
C:\Test\Timery\test.uvproj
Project File Date:  05/22/2024

<h2>Output:</h2>
Build target 'Target 1'
compiling keyboard.c...
keyboard.c(29): warning:  #1-D: last line of file ends without a newline
linking...
Program Size: Code=1300 RO-data=32 RW-data=4 ZI-data=1260  
FromELF: creating hex file...
".\test.axf" - 0 Errors, 1 Warning(s).
Build target 'Target 1'
compiling keyboard.c...
linking...
Program Size: Code=1300 RO-data=32 RW-data=4 ZI-data=1260  
FromELF: creating hex file...
".\test.axf" - 0 Errors, 0 Warning(s).
